// Jest Snapshot v1, https://goo.gl/fbAQLP

exports[`Index есть корректный снимок 1`] = `
<div>
  <h1>
    Hello, world!
  </h1>
  <h2>
    It is 
    22:35:25
    .
  </h2>
</div>
`;
