// Jest Snapshot v1, https://goo.gl/fbAQLP

exports[`Main есть корректный снимок 1`] = `
<div
  className="Main-root-0-1-1"
>
  Dummy component: Main
</div>
`;
